Archive member included because of file (symbol)

drivers/net/sk98lin/libsk98lin.o(uboot_drv.o)
                              board/mv_ebu/a38x/liba38x.o (skge_initialize)
drivers/net/sk98lin/libsk98lin.o(uboot_skb.o)
                              drivers/net/sk98lin/libsk98lin.o(uboot_drv.o) (alloc_skb)
drivers/net/sk98lin/libsk98lin.o(sky2.o)
                              drivers/net/sk98lin/libsk98lin.o(uboot_drv.o) (SkY2Xmit)
drivers/net/sk98lin/libsk98lin.o(skge.o)
                              drivers/net/sk98lin/libsk98lin.o(uboot_drv.o) (skge_probe)
drivers/net/sk98lin/libsk98lin.o(sky2le.o)
                              drivers/net/sk98lin/libsk98lin.o(sky2.o) (SkGeY2InitSingleLETable)
drivers/net/sk98lin/libsk98lin.o(skdim.o)
                              drivers/net/sk98lin/libsk98lin.o(skge.o) (SkDimModerate)
drivers/net/sk98lin/libsk98lin.o(skaddr.o)
                              drivers/net/sk98lin/libsk98lin.o(skge.o) (SkAddrInit)
drivers/net/sk98lin/libsk98lin.o(skgeinit.o)
                              drivers/net/sk98lin/libsk98lin.o(sky2.o) (SkGeRxCsum)
drivers/net/sk98lin/libsk98lin.o(skgesirq.o)
                              drivers/net/sk98lin/libsk98lin.o(sky2.o) (SkGeSirqIsr)
drivers/net/sk98lin/libsk98lin.o(sktwsi.o)
                              drivers/net/sk98lin/libsk98lin.o(skgeinit.o) (SkI2cWaitIrq)
drivers/net/sk98lin/libsk98lin.o(sklm80.o)
                              drivers/net/sk98lin/libsk98lin.o(sktwsi.o) (SkLm80ReadSensor)
drivers/net/sk98lin/libsk98lin.o(skqueue.o)
                              drivers/net/sk98lin/libsk98lin.o(skge.o) (SkEventInit)
drivers/net/sk98lin/libsk98lin.o(skrlmt.o)
                              drivers/net/sk98lin/libsk98lin.o(skgesirq.o) (SkRlmtEvent)
drivers/net/sk98lin/libsk98lin.o(sktimer.o)
                              drivers/net/sk98lin/libsk98lin.o(skdim.o) (SkTimerStop)
drivers/net/sk98lin/libsk98lin.o(skxmac2.o)
                              drivers/net/sk98lin/libsk98lin.o(skgesirq.o) (SkGmPhyRead)
drivers/net/sk98lin/libsk98lin.o(skgehwt.o)
                              drivers/net/sk98lin/libsk98lin.o(sktimer.o) (SkHwtInit)
/opt/Marvell_toolchain_2014T2/le/armv7-marvell-linux-gnueabi-softfp_i686_64K_Dev_20131002/bin/../lib/gcc/arm-marvell-linux-gnueabi/4.6.4/libgcc.a(_udivsi3.o)
                              arch/arm/cpu/armv7/mvca9/libmvca9.o (__aeabi_uidiv)
/opt/Marvell_toolchain_2014T2/le/armv7-marvell-linux-gnueabi-softfp_i686_64K_Dev_20131002/bin/../lib/gcc/arm-marvell-linux-gnueabi/4.6.4/libgcc.a(_divsi3.o)
                              board/mv_ebu/common/libmv_ebu.o (__aeabi_idiv)
/opt/Marvell_toolchain_2014T2/le/armv7-marvell-linux-gnueabi-softfp_i686_64K_Dev_20131002/bin/../lib/gcc/arm-marvell-linux-gnueabi/4.6.4/libgcc.a(_lshrdi3.o)
                              common/libcommon.o (__aeabi_llsr)
/opt/Marvell_toolchain_2014T2/le/armv7-marvell-linux-gnueabi-softfp_i686_64K_Dev_20131002/bin/../lib/gcc/arm-marvell-linux-gnueabi/4.6.4/libgcc.a(_ashldi3.o)
                              board/mv_ebu/common/libmv_ebu.o (__aeabi_llsl)
/opt/Marvell_toolchain_2014T2/le/armv7-marvell-linux-gnueabi-softfp_i686_64K_Dev_20131002/bin/../lib/gcc/arm-marvell-linux-gnueabi/4.6.4/libgcc.a(_aeabi_uldivmod.o)
                              drivers/mmc/libmmc.o (__aeabi_uldivmod)
/opt/Marvell_toolchain_2014T2/le/armv7-marvell-linux-gnueabi-softfp_i686_64K_Dev_20131002/bin/../lib/gcc/arm-marvell-linux-gnueabi/4.6.4/libgcc.a(_dvmd_lnx.o)
                              /opt/Marvell_toolchain_2014T2/le/armv7-marvell-linux-gnueabi-softfp_i686_64K_Dev_20131002/bin/../lib/gcc/arm-marvell-linux-gnueabi/4.6.4/libgcc.a(_udivsi3.o) (__aeabi_idiv0)
/opt/Marvell_toolchain_2014T2/le/armv7-marvell-linux-gnueabi-softfp_i686_64K_Dev_20131002/bin/../lib/gcc/arm-marvell-linux-gnueabi/4.6.4/libgcc.a(bpabi.o)
                              /opt/Marvell_toolchain_2014T2/le/armv7-marvell-linux-gnueabi-softfp_i686_64K_Dev_20131002/bin/../lib/gcc/arm-marvell-linux-gnueabi/4.6.4/libgcc.a(_aeabi_uldivmod.o) (__gnu_uldivmod_helper)
/opt/Marvell_toolchain_2014T2/le/armv7-marvell-linux-gnueabi-softfp_i686_64K_Dev_20131002/bin/../lib/gcc/arm-marvell-linux-gnueabi/4.6.4/libgcc.a(_divdi3.o)
                              /opt/Marvell_toolchain_2014T2/le/armv7-marvell-linux-gnueabi-softfp_i686_64K_Dev_20131002/bin/../lib/gcc/arm-marvell-linux-gnueabi/4.6.4/libgcc.a(bpabi.o) (__divdi3)
/opt/Marvell_toolchain_2014T2/le/armv7-marvell-linux-gnueabi-softfp_i686_64K_Dev_20131002/bin/../lib/gcc/arm-marvell-linux-gnueabi/4.6.4/libgcc.a(_udivdi3.o)
                              /opt/Marvell_toolchain_2014T2/le/armv7-marvell-linux-gnueabi-softfp_i686_64K_Dev_20131002/bin/../lib/gcc/arm-marvell-linux-gnueabi/4.6.4/libgcc.a(bpabi.o) (__udivdi3)

Memory Configuration

Name             Origin             Length             Attributes
*default*        0x00000000         0xffffffff

Linker script and memory map

                0x00000000                . = 0x0
                0x00000000                . = ALIGN (0x4)

.text           0x00000000    0x96178
                0x00000000                __image_copy_start = .
 arch/arm/cpu/armv7/start.o(.text*)
 .text          0x00000000      0x560 arch/arm/cpu/armv7/start.o
                0x00000000                _start
                0x00000040                _end_vect
                0x00000040                _TEXT_BASE
                0x00000044                _bss_start_ofs
                0x00000048                _image_copy_end_ofs
                0x0000004c                _bss_end_ofs
                0x00000050                _end_ofs
                0x00000054                IRQ_STACK_START_IN
                0x000000bc                relocate_code
                0x00000174                c_runtime_cpu_setup
                0x00000190                save_boot_params
                0x00000194                cpu_init_cp15
                0x000001cc                cpu_init_crit
                0x00000480                armv7_mmu_cache_flush
 *(.text*)
 .text          0x00000560      0xe70 api/libapi.o
                0x00000b90                syscall
                0x00000bf8                api_init
                0x00000d90                platform_set_mr
                0x00000df0                display_get_info
                0x00000e00                display_draw_bitmap
                0x00000e10                display_clear
                0x00000e14                dev_open_net
                0x00000e4c                dev_close_net
                0x00000e78                dev_enum_net
                0x00000ebc                dev_write_net
                0x00000ec8                dev_read_net
                0x000010b8                dev_stor_init
                0x00001158                dev_enum_reset
                0x00001190                dev_enum_storage
                0x0000129c                dev_open_stor
                0x000012d0                dev_close_stor
                0x000012d8                dev_read_stor
                0x00001388                platform_sys_info
 .text          0x000013d0       0xe8 arch/arm/cpu/armv7/libarmv7.o
                0x000013d0                invalidate_dcache_all
                0x000013d4                flush_dcache_all
                0x000013d8                invalidate_dcache_range
                0x000013dc                flush_dcache_range
                0x000013e0                arm_init_before_mmu
                0x000013e4                flush_cache
                0x000013e8                mmu_page_table_flush
                0x000013ec                invalidate_icache_all
                0x00001404                __v7_outer_cache_enable
                0x00001404                v7_outer_cache_enable
                0x00001408                v7_outer_cache_disable
                0x00001408                __v7_outer_cache_disable
                0x0000140c                __v7_outer_cache_flush_all
                0x0000140c                v7_outer_cache_flush_all
                0x00001410                v7_outer_cache_inval_all
                0x00001410                __v7_outer_cache_inval_all
                0x00001414                v7_outer_cache_flush_range
                0x00001414                __v7_outer_cache_flush_range
                0x00001418                __v7_outer_cache_inval_range
                0x00001418                v7_outer_cache_inval_range
                0x0000141c                cpu_cache_initialization
                0x00001420                cleanup_before_linux
                0x0000144c                sdelay
                0x00001458                sr32
                0x00001480                wait_on_value
 .text          0x000014b8      0x1e4 arch/arm/cpu/armv7/mvca9/libmvca9.o
                0x000014b8                set_timer
                0x000014c8                reset_timer_masked
                0x000014f8                reset_timer
                0x000014fc                timer_init
                0x00001550                __udelay
                0x000015d4                get_timer_masked
                0x00001620                get_timer
                0x00001638                udelay_masked
                0x00001680                get_ticks
                0x00001694                get_tbclk
 .text          0x0000169c      0xf0c arch/arm/lib/libarm.o
                0x0000169c                _main
                0x00001780                coloured_LED_init
                0x00001780                __coloured_LED_init
                0x00001784                __red_led_on
                0x00001784                red_led_on
                0x00001788                __red_led_off
                0x00001788                red_led_off
                0x0000178c                green_led_on
                0x0000178c                __green_led_on
                0x00001790                green_led_off
                0x00001790                __green_led_off
                0x00001794                yellow_led_on
                0x00001794                __yellow_led_on
                0x00001798                __yellow_led_off
                0x00001798                yellow_led_off
                0x0000179c                blue_led_on
                0x0000179c                __blue_led_on
                0x000017a0                __blue_led_off
                0x000017a0                blue_led_off
                0x000017a4                display_dram_config
                0x000017f0                __dram_init_banksize
                0x0000180c                arch_cpu_init
                0x0000180c                __arch_cpu_init
                0x00001814                __power_init_board
                0x00001814                power_init_board
                0x0000181c                hang
                0x00001830                board_init_r
                0x00001938                board_init_f
                0x00001abc                arch_lmb_reserve
                0x00001ae0                fixup_memory_node
                0x00001b78                setup_board_tags
                0x0000216c                do_bootm_linux
                0x000021c4                bootz_setup
                0x0000220c                interrupt_init
                0x00002228                enable_interrupts
                0x0000222c                disable_interrupts
                0x00002234                bad_mode
                0x00002244                show_regs
                0x00002388                do_undefined_instruction
                0x000023a8                do_software_interrupt
                0x000023c8                do_prefetch_abort
                0x000023e8                do_data_abort
                0x00002408                do_not_used
                0x00002428                do_fiq
                0x00002448                do_irq
                0x00002468                do_reset
                0x00002498                __flush_cache
                0x0000249c                __flush_dcache_all
                0x000024a8                __enable_caches
                0x000024e4                __arm_init_before_mmu
                0x000024e8                set_section_dcache
                0x000024fc                __mmu_page_table_flush
                0x00002500                mmu_set_region_dcache_behaviour
                0x00002550                icache_enable
                0x0000256c                icache_disable
                0x0000258c                icache_status
                0x00002598                dcache_enable
                0x0000259c                dcache_disable
                0x000025a0                dcache_status
 .text          0x000025a8    0x24254 board/mv_ebu/common/libmv_ebu.o
                0x000025a8                mvCharToHex
                0x000025e8                mvCharToDigit
                0x000025fc                mvMacStrToHex
                0x00002654                mvMacHexToStr
                0x0000269c                mvSizePrint
                0x000027b4                mvHexToBin
                0x00002810                mvAsciiToHex
                0x00002858                mvBinToHex
                0x000028ac                mvBinToAscii
                0x00002900                mvLog2
                0x0000292c                mvWinOverlapTest
                0x00002934                mvWinWithinWinTest
                0x000029e8                mvReverseBits
                0x00002a18                mvCountMaskBits
                0x00002a3c                mvOsCpuRevGet
                0x00002a48                mvOsCpuPartGet
                0x00002a54                mvOsCpuArchGet
                0x00002a60                mvOsCpuVarGet
                0x00002a6c                mvOsCpuAsciiGet
                0x00002a78                mvOsCpuThumbEEGet
                0x00002a84                mvOsIoVirtToPhy
                0x00002a8c                mvOsIoUncachedMalloc
                0x00002aa8                mvOsIoUncachedFree
                0x00002ab0                mvOsIoUncachedAlignedMalloc
                0x00002af4                mvOsIoUncachedAlignedFree
                0x00002afc                mvOsIoCachedMalloc
                0x00002b18                mvOsIoCachedFree
                0x00002b20                mvOsCacheFlush
                0x00002b28                mvOsCacheInvalidate
                0x00002b30                mvOsRand
                0x00002b38                mvOsStrCmp
                0x00002b9c                mvSwapShort
                0x00002ba0                mvSwapWord
                0x00002ba4                mvSpi16bitDataTxRx
                0x00002c28                mvSpiCsSet
                0x00002c7c                mvSpiIfConfigSet
                0x00002cd0                mvSpiTimingParamsSet
                0x00002d1c                mvSpiBaudRateSet
                0x00002e08                mvSpiParamsSet
                0x00002eb8                mvSpiCsAssert
                0x00002ef0                mvSpiCsDeassert
                0x00002f10                mvSpiInit
                0x00002ff4                mvSpi8bitDataTxRx
                0x000030e0                mvSpiRead
                0x000031dc                mvSpiWrite
                0x000032d8                mvSpiReadWrite
                0x000033f8                mvSpiIfByteLenSet
                0x00003420                mvSpiReadAndWrite
                0x0000349c                mvSpiWriteThenWrite
                0x00003558                mvSpiWriteThenRead
                0x000036ac                mvNfcInit
                0x000042ec                mvNfcSelectChip
                0x000042f8                mvNfcDataLength
                0x00004394                mvNfcTransferDataLength
                0x00004500                mvNfcCommandPio
                0x00004b58                mvNfcStatusGet
                0x00004c08                mvNfcIntrSet
                0x00004c88                mvNfcIntrToStatusConvert
                0x00004cec                mvNfcReadWrite
                0x00004dc0                mvNfcReadWritePio
                0x00004e70                mvNfcAddress2RowConvert
                0x00004ee4                mvNfcAddress2BlockConvert
                0x00004f20                mvNfcFlashModelGet
                0x00004f48                mvNfcFlashPageSizeGet
                0x00004ffc                mvNfcFlashBlockSizeGet
                0x0000505c                mvNfcFlashBlockNumGet
                0x000050a0                mvNfcFlashIdGet
                0x000050e4                mvNfcUnitStateStore
                0x00005168                mvNfcReset
                0x000051e8                mvNfcEccModeSet
                0x000051f8                mvNfcBadBlockPageNumber
                0x00005214                mvNfcPrintParamPage
                0x000053c4                mvXorCtrlSet
                0x000053fc                mvXorEccCurrTimerGet
                0x0000541c                mvXorStateGet
                0x00005468                mvXorTransfer
                0x00005540                mvXorMemInit
                0x00005658                mvXorEccClean
                0x00005788                mvXorCommandSet
                0x000058c4                mvXorHalInit
                0x00005904                mvXorOverrideSet
                0x0000599c                mvXorOverrideDisable
                0x000059c4                xorSetSrcBurstLimit
                0x000059f4                mvXorTargetWinRead
                0x00005bd4                mvXorTargetWinWrite
                0x00005d40                mvXorTargetWinEnable
                0x00005e30                mvXorWinInit
                0x00005ed8                mvXorProtWinSet
                0x00005f4c                mvXorPciRemap
                0x00005f74                mvDramIfHwSizeGet
                0x00005ff0                mvDramIfHwCsSizeGet
                0x00006014                mvDramIfWinGet
                0x0000611c                mvDramIfWinSet
                0x000061f4                mvDramIfBankSizeGet
                0x00006224                mvDramIfSizeGet
                0x00006254                mvDramIfWinEnable
                0x000062f8                mvDdrPhyRegRead
                0x0000632c                mvDdrPhyRegWrite
                0x0000635c                mvDramIfSingleBitErrThresholdSet
                0x0000638c                mvEthPhyHalInit
                0x000063b0                mvEthPhyInit
                0x000063e0                mvEthPhyRegRead
                0x000064f4                rdPhy
                0x00006538                mvEthPhyRegPrint
                0x00006588                mvEthPhyRegs
                0x00006610                mvEthPhyRegWrite
                0x0000686c                mvEthPhyReset
                0x000068f8                mvEthPhyRestartAN
                0x00006994                mvEthPhyDisableAN
                0x00006a74                mvEthPhyLoopback
                0x00006bd8                mvEthPhyCheckLink
                0x00006c68                mvEthPhyPrintStatus
                0x00006d54                mvEthPhyAdvertiseSet
                0x00006dc8                mvEthPhyAdvertiseGet
                0x00006e1c                mvEthE1111PhyBasicInit
                0x00006eb0                mvEthInternalQuadGEPhyBasicInit
                0x00006f34                mvEthE1112PhyBasicInit
                0x00006fe4                mvEthE1310PhyBasicInit
                0x000070a4                mvEthE1116PhyBasicInit
                0x00007178                mvEthE3016PhyBasicInit
                0x00007214                mvEthE1011PhyBasicInit
                0x00007290                mvEthE1112PhyPowerDown
                0x00007298                mvEthE1112PhyPowerUp
                0x000072a0                mvEth1145PhyBasicInit
                0x00007344                mvEthSgmiiToCopperPhyBasicInit
                0x000073ac                mvEth1121PhyBasicInit
                0x0000746c                mvEthInternalGEPhyBasicInit
                0x00007470                mvEth1540Y0PhyBasicInit
                0x00007de4                mvEth1540A1PhyBasicInit
                0x000081fc                mvEth1540A0PhyBasicInit
                0x000088e8                mvEth1540PhyBasicInit
                0x000089b8                mvEth1340PhyBasicInit
                0x00008a70                mvEthE1512PhyBasicInit
                0x00008bb4                mvEthPhyAddGet
                0x00008bc4                mvGppInit
                0x00008be8                mvGppPolarityGet
                0x00008c0c                mvGppValueGet
                0x00008c28                gppRegSet
                0x00008c44                mvGppValueSet
                0x00008d04                mvGppPolaritySet
                0x00008d40                mvGppBlinkEn
                0x00008d7c                mvGppTypeSet
                0x00008df4                mvGppAtomicValueClear
                0x00008e44                mvGppAtomicValueSet
                0x00009024                mvTwsiStartBitSet
                0x00009100                mvTwsiStopBitSet
                0x000091c4                mvTwsiInit
                0x000093a4                mvTwsiAddrSet
                0x00009604                mvTwsiRead
                0x000098c0                mvTwsiWrite
                0x00009a08                mvTwsiProbe
                0x00009a9c                mvUartInit
                0x00009adc                mvUartPutc
                0x00009afc                mvUartGetc
                0x00009b1c                mvUartTstc
                0x00009b34                mvPciIfInit
                0x00009b80                mvPciIfConfigRead
                0x00009b84                mvPciIfConfigWrite
                0x00009b88                mvPciIfMasterEnable
                0x00009b8c                mvPciIfSlaveEnable
                0x00009b90                mvPciIfLocalBusNumSet
                0x00009b94                mvPciIfLocalBusNumGet
                0x00009b98                mvPciIfLocalDevNumSet
                0x00009b9c                mvPciIfLocalDevNumGet
                0x00009ba0                mvPciIfTypeGet
                0x00009ba8                mvPciRealIfNumGet
                0x00009bac                mvPciClassNameGet
                0x0000a4d4                mvPciScan
                0x0000a7a8                mvUsbGetCapRegAddr
                0x0000a7b4                mvUsbPhy40nmLpInit
                0x0000a89c                mvUsbPllInit
                0x0000a8ec                mvUsbUtmiPhyInit
                0x0000acf4                mvUsbHalInit
                0x0000ae2c                mvUsbPowerDown
                0x0000ae70                mvUsbPowerUp
                0x0000aeac                mvUsbRegs
                0x0000afac                mvUsbCoreRegs
                0x0000b300                mvUsbWinRead
                0x0000b3f8                mvUsbWinWrite
                0x0000b618                mvUsbWinInit
                0x0000b6e4                mvPexModeGet
                0x0000b7b0                mvPexMasterEnable
                0x0000b844                mvPexLocalBusNumSet
                0x0000b8f8                mvPexLocalBusNumGet
                0x0000b970                mvPexLocalDevNumSet
                0x0000ba28                mvPexLocalDevNumGet
                0x0000ba90                mvPexConfigWrite
                0x0000bc44                mvPexConfigRead
                0x0000bdf8                mvPexSlaveEnable
                0x0000bea0                mvPexPhyRegRead
                0x0000bf0c                mvPexPhyRegWrite
                0x0000bf6c                mvPexActiveStateLinkPMEnable
                0x0000c048                mvPexForceX1
                0x0000c0d0                mvPexIfEnable
                0x0000c1f4                mvPexPhyPowerDown
                0x0000c220                mvPexInit
                0x0000c39c                mvPexBarSet
                0x0000c588                mvPexBarGet
                0x0000c740                mvPexBarEnable
                0x0000c844                pexWinRegInfoGet
                0x0000c9f8                mvPexTargetWinRemapEnable
                0x0000ca54                mvPexTargetWinRemap
                0x0000cb14                mvPexTargetWinRead
                0x0000cbc8                mvPexTargetWinEnable
                0x0000ccbc                mvPexTargetWinWrite
                0x0000cea4                mvPexWinInit
                0x0000d0ec                pexBarNameGet
                0x0000d108                mvSdmmcWinRead
                0x0000d1ac                mvSdmmcWinWrite
                0x0000d30c                mvSdmmcWinInit
                0x0000d3ac                mvCntmrHalInit
                0x0000d3d0                mvCntmrLoad
                0x0000d440                mvCntmrRead
                0x0000d464                mvCntmrReadDiff
                0x0000d48c                mvCntmrWrite
                0x0000d4b0                mvCntmrCtrlSet
                0x0000d6b0                mvCntmrCtrlGet
                0x0000d824                mvCntmrEnable
                0x0000d888                mvCntmrDisable
                0x0000d8ec                mvCntmrStart
                0x0000d930                mvCntmrIntClear
                0x0000d98c                mvCntmrFrqGet
                0x0000f0c8                waitForBusyAfterHReset
                0x0000f124                _setActivePMPort
                0x0000f34c                disableSaDevInterrupts
                0x0000fd7c                mvSataShutdownAdapter
                0x0000fda4                mvSataReadReg
                0x0000fdbc                mvSataWriteReg
                0x0000fdcc                mvSataConfigureChannel
                0x0000febc                mvSataRemoveChannel
                0x0000fee4                mvSataIsStorageDeviceConnected
                0x0000ff9c                mvSataChannelHardReset
                0x000100a0                mvSataSetFBSMode
                0x00010110                mvSataConfigEdmaMode
                0x00010418                mvSataEnableChannelDma
                0x00010460                mvSataDisableChannelDma
                0x00010498                mvSataFlushDmaQueue
                0x000104f0                mvSataNumOfDmaCommands
                0x00010520                mvSataGetNumOfPortQueuedCommands
                0x0001056c                mvSataSetIntCoalParams
                0x000106ac                mvSataSetChannelPhyParams
                0x000107d4                mvSataChannelPhyShutdown
                0x00010870                mvSataInitAdapter
                0x0001136c                mvSataChannelPhyPowerOn
                0x0001145c                mvSataChannelFarLoopbackDiagnostic
                0x00011610                mvSataQueueCommand
                0x000117c8                mvSataSetInterruptsScheme
                0x000117dc                mvSataCheckPendingInterrupt
                0x00011814                mvSataInterruptServiceRoutine
                0x00012454                mvSataMaskAdapterInterrupt
                0x00012474                mvSataUnmaskAdapterInterrupt
                0x00012494                mvSataEnableStaggeredSpinUpAll
                0x000125e8                mvSataEnableStaggeredSpinUp
                0x00012650                mvSataDisableStaggeredSpinUp
                0x000126c8                mvSataDisableStaggeredSpinUpAll
                0x00012718                mvSataSetInterfaceSpeed
                0x000128a4                mvSataGetInterfaceSpeed
                0x0001291c                mvSataSetInterfacePowerState
                0x00012a00                mvSataGetInterfacePowerState
                0x00012a70                mvSata60X1B2CheckDevError
                0x00012b1c                mvSataIfD2HReceived
                0x00012b68                mvSataWinRead
                0x00012c0c                mvSataWinWrite
                0x00012d6c                mvSataWinInit
                0x00012e0c                waitWhileStorageDevIsBusy
                0x00012e6c                waitWhileStorageDevIsBusy_88SX60X1
                0x00012f0c                waitForDRQ
                0x00012f6c                enableStorageDevInterrupt
                0x00012f9c                disableStorageDevInterrupt
                0x00012fcc                mvStorageDevATAIdleImmediate
                0x00013060                _startSoftResetDevice
                0x000130a0                _isDeviceBsyBitOff
                0x000130c4                mvStorageDevATAStartSoftResetDevice
                0x00013114                waitForDRQToClear
                0x00013174                executeNonUDMACommand
                0x000135b8                mvStorageDevATAExecuteNonUDMACommand
                0x00013654                mvStorageDevATASetFeatures
                0x000136b0                mvStorageDevATAIdentifyDevice
                0x00013778                dumpAtaDeviceRegisters
                0x00013854                _PMAccessReg
                0x0001397c                mvStorageIsDeviceBsyBitOff
                0x000139d8                _doSoftReset
                0x00013a68                mvStorageDevATASoftResetDevice
                0x00013ae0                mvPMDevReadReg
                0x00013bb0                mvPMDevWriteReg
                0x00013c1c                mvPMLinkUp
                0x00013c84                mvPMDevEnableStaggeredSpinUp
                0x00013c8c                mvPMDevEnableStaggeredSpinUpAll
                0x00013db0                mvPMDevEnableStaggeredSpinUpPort
                0x00013e28                mvStorageDevExecutePIO
                0x00013edc                mvStorageDevSetDeviceType
                0x00013efc                mvStorageDevGetDeviceType
                0x00013f18                mvRtcTimeSet
                0x0001407c                mvRtcTimeGet
                0x00014108                mvRtcInit
                0x0001410c                mvSysSpiInit
                0x00014140                mvSysSpiMppConfig
                0x00014148                mvSysNfcInit
                0x00014188                mvSysXorInit
                0x000141cc                mvSysEthPhyInit
                0x00014250                mvSysUsbInit
                0x00014478                mvSysPexInit
                0x00014514                mvSysSDmmcWinInit
                0x00014544                mvSysCntmrInit
                0x00014574                mvSysSataWinInit
                0x000145a4                mvSysSata3WinInit
                0x000145e0                mvSata3WinRead
                0x000146c8                mvSata3WinWrite
                0x0001486c                mvSata3WinInit
                0x0001495c                mvCtrlAttribGet
                0x00014980                mvCtrlAttribSet
                0x000149a4                mvCtrlTargetGet
                0x000149f4                mvCtrlTargetByWinInfoGet
                0x00014a44                mvCtrlAddrWinMapBuild
                0x00014da4                mvCtrlAddrWinInfoGet
                0x00014e48                mvCtrlPortIsSerdesSgmii
                0x00014e68                mvCtrlGetCpuNum
                0x00014e7c                mvCtrlUpdatePexId
                0x00014e84                mvCtrlCpuDdrL2FreqGet
                0x00014f20                mvCtrlbootSrcGet
                0x00014f34                mvCtrlSSCGInit
                0x00014f84                mvCtrlDevFamilyIdGet
                0x00014f8c                mvCtrlMppRegGet
                0x00014fa0                mvCtrlSataMaxUnitGet
                0x00014fa8                mvCtrlIsActiveSataUnit
                0x00014fc4                mvCtrlUtmiPhySelectorSet
                0x00014fc8                mvCtrlTdmUnitTypeGet
                0x00014fd0                mvCtrlTdmUnitIrqGet
                0x00014fd8                mvCtrlModelGet
                0x0001506c                mvCtrlDevIdIndexGet
                0x000150b4                mvCtrlSocUnitInfoNumGet
                0x00015100                mvCtrlTdmMaxGet
                0x00015108                mvCtrlTdmSupport
                0x00015124                mvCtrlSdioSupport
                0x00015140                mvCtrlUsb3HostMaxGet
                0x00015148                mvCtrlUsb3MaxGet
                0x00015150                mvCtrlUsbMaxGet
                0x00015158                mvCtrlXorMaxUnitGet
                0x00015160                mvCtrlXorMaxChanGet
                0x00015168                mvCtrlSataMaxPortGet
                0x00015170                mvCtrlEthMaxPortGet
                0x00015178                mvCtrlEthMaxCPUsGet
                0x0001518c                mvCtrlPexActiveUnitNumGet
                0x00015194                mvCtrlPexMaxUnitGet
                0x0001519c                mvCtrlPexMaxIfGet
                0x000151a4                mvCtrlSocUnitInfoPrint
                0x00015374                mvCtrlSocUnitInfoNumSet
                0x000153f0                mvCtrlRevGet
                0x00015404                mvCtrlSerdesConfigDetect
                0x00015614                mvCtrlEnvInit
                0x000158f8                mvCtrlNameGet
                0x0001592c                mvCtrlModelRevGet
                0x00015948                mvCtrlRevNameGet
                0x000159d0                mvCtrlModelRevNameGet
                0x000159f8                mvCtrlTargetNameGet
                0x00015a18                ctrlSizeToReg
                0x00015a7c                ctrlRegToSize
                0x00015ae4                ctrlSizeRegRoundUp
                0x00015b30                mvCtrlIsBootFromNOR
                0x00015b38                mvCtrlIsBootFromSPI
                0x00015b40                mvCtrlIsBootFromNAND
                0x00015b48                mvCtrlIsDLBEnabled
                0x00015b5c                mvCtrlPwrClckSet
                0x00015c60                mvCtrlPwrClckGet
                0x00015e64                mvCtrlAddrDecShow
                0x0001617c                mvCtrlDDRBudWidth
                0x00016198                mvCtrlDDRThruXbar
                0x000161b0                mvCtrlDDRECC
                0x000161c4                mvCtrlDDRECCPUP3
                0x000161d8                mvCtrlGetJuncTemp
                0x00016268                mvCtrlNandClkSet
                0x000162c4                mvCtrlUsbMapGet
                0x000163c0                mvAhbToMbusInit
                0x000163c8                mvAhbToMbusWinGet
                0x000164d8                mvAhbToMbusWinNumByTargetGet
                0x000165a8                mvAhbToMbusWinTargetGet
                0x0001664c                mvAhbToMbusWinAvailGet
                0x000166b0                mvAhbToMbusWinEnable
                0x00016788                mvAhbToMbusWinSet
                0x00016908                mvAhbToMbusWinRemap
                0x000169cc                mvAhbToMbusWinTargetSwap
                0x00016c48                mvAhbToMbusAddDecShow
                0x00016d10                mvCpuIfVerify
                0x00016db8                mvCpuIfDramInit
                0x00016e50                mvCpuIfTargetWinGet
                0x00016fb4                mvCpuIfTargetWinSet
                0x000170c0                mvCpuIfTargetWinEnable
                0x000171ac                mvCpuIfTargetWinSizeGet
                0x00017208                mvCpuIfTargetWinBaseLowGet
                0x00017268                mvCpuIfTargetWinBaseHighGet
                0x000172c4                mvCpuIfSramWinDisable
                0x000172e8                mvCpuIfInitForCpu
                0x000174b4                mvCpuIfInit
                0x000174cc                mvCpuIfPexRemap
                0x0001752c                mvCpuIfTargetOfBaseAddressGet
                0x000175ac                mvCpuIfAddDecShow
                0x00017694                mvCpuIfLvdsPadsEnable
                0x000176d4                mvCpuPclkGet
                0x00017700                mvCpuL2ClkGet
                0x0001772c                mvCpuNameGet
                0x00017858                mvCpuIfPrintSystemConfig
                0x00017a4c                whoAmI
                0x00017a58                mvDevIfPramSet
                0x00017b54                mvDevPramGet
                0x00017be8                mvDevWidthGet
                0x00017c08                mvDevNandDevCsSet
                0x00017cf4                mvBoardIdIndexGet
                0x00017cfc                mvBoardNameGet
                0x00017d24                mvBoardModuleConfigGet
                0x00017d38                mvBoardModuleConfigSet
                0x00017dc8                mvBoardPhyAddrGet
                0x00017df4                mvBoardPhyAddrSet
                0x00017e1c                mvBoardQuadPhyAddr0Get
                0x00017e48                mvBoardSpecInitGet
                0x00017e5c                mvBoardMacSpeedGet
                0x00017eb0                mvBoardMacSpeedSet
                0x00017ef4                mvBoardIsPortLoopback
                0x00017f04                mvBoardTclkGet
                0x00017f2c                mvBoardSysClkGet
                0x00017f58                mvBoardDebugLedNumGet
                0x00017f6c                mvBoardDebugLed
                0x00017f70                mvBoarGpioPinNumGet
                0x00017fcc                mvBoardResetGpioPinGet
                0x00017fd8                mvBoardReset
                0x00018058                mvBoardUSBVbusGpioPinGet
                0x00018064                mvBoardUSBVbusEnGpioPinGet
                0x00018070                mvBoardGpioIntMaskGet
                0x000180c4                mvBoardSlicUnitTypeGet
                0x000180cc                mvBoardSlicUnitTypeSet
                0x000180d0                mvBoardMppGet
                0x000180e8                mvBoardMppSet
                0x00018100                mvBoardIsModuleConnected
                0x00018120                mvModuleMppUpdate
                0x00018164                mvBoardMppIdUpdate
                0x00018314                mvBoardBootAttrGet
                0x0001835c                mvBoardBootDeviceGet
                0x000183ac                mvBoardBootDeviceGroupSet
                0x00018400                mvBoardIsInternalSwitchConnected
                0x00018408                mvBoardSwitchPortsMaskGet
                0x00018410                mvBoardSwitchPortForceLinkGet
                0x00018418                mvBoardConfigWrite
                0x00018494                mvBoardMppModuleTypePrint
                0x00018504                mvBoardOtherModuleTypePrint
                0x00018508                mvBoardIsGbEPortConnected
                0x00018544                mvBoardGetDevicesNumber
                0x00018590                mvBoardGetDeviceBaseAddr
                0x000185b8                mvBoardGetDeviceBusWidth
                0x000185d4                mvBoardGetDeviceWidth
                0x000185f0                mvBoardGetDeviceWinSize
                0x00018618                boardGetDevCSNum
                0x00018634                mvBoardTwsiAddrTypeGet
                0x00018690                mvBoardTwsiAddrGet
                0x000186e8                mvBoardTwsiAddrSet
                0x00018738                mvBoardTwsiIsMore256Get
                0x00018790                mvBoardNetComplexConfigGet
                0x000187a8                mvBoardNetComplexConfigSet
                0x000187c0                mvBoardExtPhyBufferSelect
                0x000187c8                mvBoardNandWidthGet
                0x00018814                mvBoardSet
                0x00018878                mvBoardIdGet
                0x00018894                mvBoardModuleTypeGet
                0x00018948                mvBoardSatrInfoConfig
                0x000189dc                mvBoardModelGet
                0x000189f0                mvBoardTwsiGet
                0x00018a9c                mvBoardRevGet
                0x00018af8                mvBoardEnvInit
                0x00018df0                mvBoardTwsiSet
                0x00018e9c                mvBoardCpuCoresNumGet
                0x00018ea4                mvBoardIsSetmModuleConnected
                0x00018eac                mvBoardIsLcdDviModuleConnected
                0x00018eb4                mvBoardTwsiMuxChannelSet
                0x00018ebc                mvBoardSmiScanModeGet
                0x00018ec4                mvBoardSwitchCpuPortGet
                0x00018ecc                mvBoardIsEthActive
                0x00018ed0                mvBoardGePhySwitchPortGet
                0x00018ed8                mvBoardRgmiiASwitchPortGet
                0x00018ee0                mvBoardSwitchPortMap
                0x00018ee8                mvBoardPexInfoGet
                0x00018efc                mvBoardConfigAutoDetectEnabled
                0x00018f10                mvBoardTwsiSatRGet
                0x00018fc4                mvBoardTwsiSatRSet
                0x00019078                mvBoardSatRRead
                0x00019180                mvBoardSatRWrite
                0x000192ac                mvBoardNorFlashConnect
                0x000192c8                mvBoardIoExpanderGet
                0x00019334                mvBoardIoExpanderSet
                0x0001939c                mvBoardIoExpanderUpdate
                0x00019508                mvBoardUartPortGet
                0x00019534                mvBoardNandECCModeGet
                0x0001959c                mvBoardNandIfGet
                0x000195ec                mvBoardIsPortInSgmii
                0x000195f0                mvBoardIsPortInMii
                0x00019618                mvBoardIsPortInGmii
                0x00019630                mvBoardIsPortInRgmii
                0x00019670                mvBoardInfoUpdate
                0x00019730                mvBoardIsEthConnected
                0x00019734                spi_init
                0x00019738                spi_setup_slave
                0x00019788                spi_free_slave
                0x0001978c                spi_claim_bus
                0x00019794                spi_release_bus
                0x00019798                spi_cs_is_valid
                0x000197ac                spi_cs_activate
                0x000197cc                spi_cs_deactivate
                0x000197d4                spi_xfer
                0x00019878                spi_flash_init
                0x000198cc                board_flash_get_legacy
                0x00019930                board_nand_init
                0x00019938                mv_serial_tstc
                0x00019948                mv_serial_getc
                0x0001995c                mv_serial_putc
                0x0001998c                mv_serial_setbrg
                0x000199cc                mv_serial_init
                0x00019a1c                mv_serial_puts
                0x00019a40                mv_serial_initialize
                0x00019a4c                default_serial_console
                0x00019a58                i2c_init
                0x00019aa8                i2c_read
                0x00019b1c                i2c_write
                0x00019b90                i2c_probe
                0x00019bf8                i2c_set_bus_num
                0x00019c14                i2c_get_bus_num
                0x00019c24                i2c_set_bus_speed
                0x00019c70                i2c_get_bus_speed
                0x00019e38                tsc2005_configuration
                0x00019ebc                mv_ts_init
                0x00019f54                tsc2005_touched
                0x0001a120                parseIntFromString
                0x0001a1b0                recoveryHandle
                0x0001a3fc                do_rcvr
                0x0001a410                whoAmI_cmd
                0x0001a434                training_cmd
                0x0001a788                printTempMsg
                0x0001a7a4                phy_write_cmd
                0x0001a800                phy_read_cmd
                0x0001a858                displayMemoryMap_cmd
                0x0001a86c                sg_cmd
                0x0001a8c8                reset_count_cmd
                0x0001a9e4                temperature_cmd
                0x0001aa08                ir_cmd
                0x0001ac0c                xor_waiton_eng
                0x0001aca0                mvDma_cmd
                0x0001b248                mvIntrfaceWidthPrint
                0x0001b254                mvIntrfaceParamPrint
                0x0001b308                mvDramIfHwSizeGetFromWindows
                0x0001b394                dram_init
                0x0001b3b0                dram_init_banksize
                0x0001b43c                load_from_usb
                0x0001b4f4                fetch_bubt_cmd_args
                0x0001b63c                fetch_uboot_file
                0x0001b6ac                spi_burn_uboot_cmd
                0x0001b89c                resetenv_cmd
                0x0001b950                mvDramCsSizeGet
                0x0001b974                mvSysXorInit2
                0x0001ba04                mvSysXorFinish2
                0x0001ba30                mvDramScrubbing
                0x0001bca0                fdt_env_setup
                0x0001bd9c                ft_board_setup
                0x0001c85c                ddr_phy_write_cmd
                0x0001c8b8                ddr_phy_read_cmd
                0x0001c910                mvBoard10GPhyInit
                0x0001c918                mvBoardEgigaPhyInit
                0x0001ca08                mvEthSwitchRegRead
                0x0001cae0                mvEthSwitchRegWrite
                0x0001cc24                mvEthE6131SwitchBasicInit
                0x0001ccd0                mvEthE6063SwitchBasicInit
                0x0001ccdc                mvEthE6065_61SwitchBasicInit
                0x0001cce8                mvEthE6171SwitchBasicInit
                0x0001cf48                mvEthE6161SwitchBasicInit
                0x0001d0d0                mvEthSwitchPhyRegWrite
                0x0001d1b0                mvEthSwitchPhyRegRead
                0x0001d290                ehci_usb_alloc_device
                0x0001d298                getUsbActive
                0x0001d358                xhci_hcd_init
                0x0001d3c4                xhci_hcd_stop
                0x0001d3c8                ehci_hcd_init
                0x0001d414                ehci_hcd_stop
                0x0001d41c                usb_lowlevel_init
                0x0001d5f4                usb_lowlevel_stop
                0x0001d804                submit_int_msg
                0x0001d850                submit_bulk_msg
                0x0001d894                submit_control_msg
                0x0001d8e0                usb_alloc_device
                0x0001d924                pcie_phy_write_cmd
                0x0001d980                pcie_phy_read_cmd
                0x0001daa8                mapPci_cmd
                0x0001db90                se_cmd
                0x0001dc5c                me_cmd
                0x0001dcc8                scanPci
                0x0001df6c                sp_cmd
                0x0001e044                mv_mem_ctrl_dev
                0x0001e174                pci_skip_dev
                0x0001e17c                pci_init_board
                0x0001e6a4                mvSataEventNotify
                0x0001e7b8                do_diskboot
                0x0001eaec                mvGetSataDeviceType
                0x0001efbc                mvGetPMDeviceInfo
                0x0001f0b0                InitChannel
                0x0001f0f8                ide_init
                0x0001f86c                ide_get_dev
                0x0001f880                ide_read_write
                0x0001fd84                ide_read
                0x0001fdb4                ide_write
                0x0001fde4                do_ide
                0x00020284                board_ahci_init
                0x0002032c                rtc_get
                0x0002038c                rtc_set
                0x00020408                rtc_reset
                0x0002040c                do_sys_restore
                0x0002050c                do_active_units
                0x00020640                mvSysNetaInit
                0x000207bc                mvNetaMaxCheck
                0x0002080c                mvNetaPortCheck
                0x00020824                mvNetaTxpCheck
                0x0002085c                mvNetaCpuCheck
                0x0002086c                mvNetaPortDestroy
                0x000208c0                mvNetaAccMode
                0x000208c8                mvNetaHalInit
                0x0002095c                mvNetaRxqCpuMaskSet
                0x000209ec                mvNetaTxqCpuMaskSet
                0x00020a7c                mvEthGmacRgmiiSet
                0x00020acc                mvNetaPortPowerUp
                0x00020cb4                mvNetaPortPowerDown
                0x00020cb8                mvNetaMaxRxSizeSet
                0x00020d0c                mvNetaForceLinkModeSet
                0x00020dac                mvNetaSpeedDuplexSet
                0x00020ebc                mvNetaSpeedDuplexGet
                0x00020f6c                mvNetaFlowCtrlSet
                0x00021044                mvNetaFlowCtrlGet
                0x000210e8                mvNetaLinkIsUp
                0x00021110                mvNetaLinkStatus
                0x000211a8                mvNetaGmacLpiSet
                0x000211f8                mvNetaRxUnicastPromiscSet
                0x000212d0                mvNetaMacAddrSet
                0x000213e8                mvNetaMacAddrGet
                0x0002147c                mvNetaMcastAddrSet
                0x00021bc8                mvNetaSetUcastTable
                0x00021c24                mvNetaSetSpecialMcastTable
                0x00021c7c                mvNetaSetOtherMcastTable
                0x00021d1c                mvNetaTosToRxqSet
                0x00021df4                mvNetaTosToRxqGet
                0x00021e84                mvNetaVprioToRxqSet
                0x00021f24                mvNetaVprioToRxqGet
                0x00021f84                mvNetaPhyAddrSet
                0x00022004                mvNetaPhyAddrPollingDisable
                0x00022048                mvNetaPhyAddrGet
                0x00022074                mvNetaRxReset
                0x00022144                mvNetaTxpReset
                0x00022230                mvNetaRxqAddrSet
                0x000222cc                mvNetaRxqInit
                0x000223b8                mvNetaTxqAddrSet
                0x00022450                mvNetaTxpRateMaxSet
                0x000224a0                mvNetaDefaultsSet
                0x0002282c                mvNetaTxqBandwidthSet
                0x00022888                mvNetaTxqInit
                0x000229a4                mvNetaRxqDelete
                0x00022a40                mvNetaTxqDelete
                0x00022b00                mvNetaMhSet
                0x00022b94                mvNetaTagSet
                0x00022c28                mvNetaTxMhRegSet
                0x00022c84                mvNetaRxqBufSizeSet
                0x00022ce4                mvNetaRxqTimeCoalSet
                0x00022d40                mvNetaRxqPktsCoalSet
                0x00022d6c                mvNetaTxDonePktsCoalSet
                0x00022dc8                mvNetaRxqTimeCoalGet
                0x00022e1c                mvNetaRxqPktsCoalGet
                0x00022e4c                mvNetaTxDonePktsCoalGet
                0x00022e78                mvNetaPortDown
                0x000230bc                mvNetaPortDisable
                0x00023114                mvNetaPortInit
                0x00023250                mvNetaRxqOffsetSet
                0x000232a4                mvNetaBmPoolBufSizeSet
                0x000232dc                mvNetaRxqBmEnable
                0x00023338                mvNetaRxqBmDisable
                0x00023384                mvNetaTxpEjpBurstRateSet
                0x000233e0                mvNetaTxpEjpMaxPktSizeSet
                0x0002340c                mvNetaTxpEjpTxSpeedSet
                0x00023438                mvNetaRateCalc
                0x0002350c                mvNetaTxpEjpSet
                0x00023560                mvNetaTxqFixPrioSet
                0x000235ec                mvNetaTxqWrrPrioSet
                0x00023738                mvNetaTxpMaxTxSizeSet
                0x00023850                mvNetaTxpRateSet
                0x00023954                mvNetaTxpBurstSet
                0x000239ec                mvNetaTxqRateSet
                0x00023b00                mvNetaTxqBurstSet
                0x00023bc4                mvNetaTcpRxq
                0x00023c30                mvNetaUdpRxq
                0x00023c9c                mvNetaArpRxq
                0x00023d08                mvNetaBpduRxq
                0x00023db4                mvNetaMibCounterRead
                0x00023e14                mvNetaMibCountersClear
                0x00023e48                mvNetaPortUp
                0x00023f00                mvNetaPortEnable
                0x00023f6c                mvNetaWinRead
                0x00024050                mvNetaWinEnable
                0x000240dc                mvNetaWinWrite
                0x0002434c                mvNetaWinInit
                0x00024450                mvNetaProtWinSet
                0x000245cc                mvEthTxpWrrRegs
                0x000248a4                mvEthPortRegs
                0x00024aa0                mvEthRegs
                0x00024c4c                mvNetaGmacRegs
                0x00024e3c                mvNetaRxqRegs
                0x00024fcc                mvNetaTxqRegs
                0x000250f0                mvNetaTxpRegs
                0x0002515c                mvNetaPortRegs
                0x00025350                mvNetaPortStatus
                0x000254b4                mvNetaRxqShow
                0x00025674                mvNetaTxqShow
                0x0002581c                mvEthPortCounters
                0x00025b58                mvEthPortRmonCounters
                0x00025c38                mvEthPortUcastShow
                0x00025d48                mvEthPortMcastShow
                0x00025e94                mvNetaCpuDump
                0x0002657c                mv_eth_initialize
                0x00026788                lowlevel_init
                0x00026798                _lowlevel_init_val
                0x0002679c                _dcache_index_max
                0x000267a0                _dcache_index_inc
                0x000267a4                _dcache_set_max
                0x000267a8                _dcache_set_index
                0x000267ac                cpu_dcache_flush_all
                0x000267e8                cpu_icache_flush_invalidate_all
 .text          0x000267fc    0x1caa0 common/libcommon.o
                0x00026814                do_bdinfo
                0x00026964                do_go_exec
                0x00026b04                do_bootd
                0x000274d0                do_bootm
                0x00027994                arch_preboot_os
                0x00027998                bootm_maybe_autostart
                0x00027b34                mk_date
                0x00027e3c                common_diskboot
                0x00028160                eeprom_read
                0x000281d8                eeprom_write
                0x00028250                do_eeprom
                0x00028364                eeprom_probe
                0x00028370                eeprom_init
                0x00028408                mv_swab32
                0x00028420                mv_swab16
                0x00028440                do_bootelf_exec
                0x00028488                valid_elf_image
                0x000284f8                do_bootvx
                0x000287d4                do_bootelf
                0x00028960                do_ext2load
                0x0002897c                do_ext2ls
                0x00028994                do_ext4_ls
                0x000289ac                do_ext4_load
                0x000289c8                do_ext4_write
                0x00028ad4                do_fat_fsload
                0x00028e80                set_working_fdt_addr
                0x0002a0dc                flash_sect_roundb
                0x0002a270                flash_sect_erase
                0x0002a5b4                flash_sect_protect
                0x0002b500                i2c_init_board
                0x0002b908                do_jffs2_ls
                0x0002b96c                do_jffs2_fsload
                0x0002baac                do_jffs2_fsinfo
                0x0002d504                do_mmcops
                0x0002e518                device_find
                0x0002eaa0                mtd_id_parse
                0x0002ebb4                find_dev_and_part
                0x0002ed70                mtdparts_init
                0x0002fc94                do_dhcp
                0x0002fcb0                do_tftpb
                0x000304f8                get_env_id
                0x00030508                setenv
                0x000307bc                setenv_ulong
                0x000307dc                setenv_addr
                0x00030814                envmatch
                0x00030884                getenv_f
                0x00030940                getenv
                0x00030a24                getenv_ulong
                0x00030bb8                pci_header_show_brief
                0x00030c3c                pci_header_show
                0x00031530                pciinfo
                0x00031ef0                do_pxe
                0x000329c4                do_sysboot
                0x00032b64                do_pxe_boot
                0x00032c20                pxe_env_files
                0x00032cd8                do_pxe_get
                0x000330e4                do_scsiboot
                0x000330f0                scsi_get_disk_count
                0x00033100                scsi_get_dev
                0x0003311c                scsi_ident_cpy
                0x0003317c                scsi_trim_trail
                0x000331b0                scsi_setup_test_unit_ready
                0x000331e8                scsi_setup_read_ext
                0x00033348                scsi_setup_read6
                0x0003338c                scsi_setup_inquiry
                0x000333d4                scsi_scan
                0x00033958                scsi_init
                0x000339dc                do_scsi
                0x00034564                source
                0x00034644                do_source
                0x00034688                do_spi
                0x00035b34                do_ubifs_load
                0x00035bfc                do_ubifs_mount
                0x00035c54                do_ubifs_ls
                0x00035cbc                ubifs_is_mounted
                0x00035ccc                cmd_ubifs_umount
                0x00035d24                do_ubifs_umount
                0x0003654c                do_usb
                0x00036e34                find_cmd_tbl
                0x00036ed4                find_cmd
                0x00036efc                cmd_usage
                0x00036f5c                _do_help
                0x000370e4                var_complete
                0x00037170                cmd_auto_complete
                0x000375d4                cmd_get_data_size
                0x00037628                cmd_process
                0x00037788                serial_printf
                0x000377cc                fgetc
                0x000377f8                ftstc
                0x00037824                fputc
                0x00037850                fputs
                0x0003787c                fprintf
                0x000378c4                getc
                0x000378ec                tstc
                0x00037914                putc
                0x00037940                puts
                0x0003796c                printf
                0x000379bc                vprintf
                0x00037a00                ctrlc
                0x00037a50                disable_ctrlc
                0x00037a68                had_ctrlc
                0x00037a78                clear_ctrlc
                0x00037a8c                dbg
                0x00037a98                search_device
                0x00037ac4                console_assign
                0x00037bcc                console_init_f
                0x00037bdc                stdio_print_current_devices
                0x00037c90                console_init_r
                0x00037d70                sbrk
                0x00037dd0                mem_malloc_init
                0x00037df4                malloc_trim
                0x00037ec0                free
                0x000380e4                cfree
                0x000380e8                malloc
                0x000386b4                calloc
                0x0003878c                memalign
                0x000388a0                pvalloc
                0x000388b8                valloc
                0x000388c4                realloc
                0x00038cd0                malloc_usable_size
                0x00038d10                mallopt
                0x00038dd8                env_attr_walk
                0x00038ee8                env_attr_lookup
                0x00039088                find_env_callback
                0x00039188                env_callback_init
                0x00039228                env_get_char_spec
                0x00039234                env_get_addr
                0x00039258                env_get_char_memory
                0x0003926c                env_get_char
                0x000392a0                getenv_yesno
                0x000392f0                getenv_default
                0x00039324                set_default_env
                0x000393e0                set_default_vars
                0x00039418                env_import
                0x000394f4                env_relocate
                0x00039524                env_complete
                0x000396dc                env_flags_parse_vartype
                0x0003972c                env_flags_parse_varaccess
                0x00039834                env_flags_parse_varaccess_from_binflags
                0x00039884                env_flags_init
                0x00039930                env_flags_validate
                0x00039c44                saveenv
                0x00039da8                env_relocate_spec
                0x00039e64                env_init
                0x00039e84                get_version
                0x00039e8c                jumptable_init
                0x0003a288                fdt_getprop_u32_default
                0x0003a2cc                fdt_find_and_setprop
                0x0003a340                fdt_initrd
                0x0003a508                fdt_chosen
                0x0003a610                do_fixup_by_path
                0x0003a668                do_fixup_by_path_u32
                0x0003a698                do_fixup_by_prop
                0x0003a72c                do_fixup_by_prop_u32
                0x0003a76c                do_fixup_by_compat
                0x0003a7f0                do_fixup_by_compat_u32
                0x0003a820                fdt_fixup_memory_banks
                0x0003aa6c                fdt_fixup_memory
                0x0003aa90                fdt_fixup_ethernet
                0x0003ac48                fdt_resize
                0x0003ad1c                fdt_pci_dma_ranges
                0x0003ae3c                fdt_increase_size
                0x0003ae50                fdt_del_node_and_alias
                0x0003ae9c                __of_translate_address
                0x0003b130                fdt_translate_address
                0x0003b13c                fdt_node_offset_by_compat_reg
                0x0003b1c8                fdt_alloc_phandle
                0x0003b224                fdt_set_phandle
                0x0003b288                fdt_create_phandle
                0x0003b2f0                fdt_set_node_status
                0x0003b400                fdt_set_status_by_alias
                0x0003b42c                fdt_verify_alias_address
                0x0003b500                fdt_get_base_address
                0x0003b578                flash_protect
                0x0003b684                addr2info
                0x0003b6d4                flash_write
                0x0003b838                flash_perror
                0x0003b930                hash_command
                0x0003c268                get_local_var
                0x0003c2f4                set_local_var
                0x0003c778                unset_local_var
                0x0003c820                parse_string_outer
                0x0003d7e4                parse_file_outer
                0x0003d82c                u_boot_hush_start
                0x0003d8ec                image_check_hcrc
                0x0003d93c                image_check_dcrc
                0x0003d978                image_multi_count
                0x0003d99c                image_multi_getimg
                0x0003da1c                getenv_bootm_low
                0x0003da4c                getenv_bootm_size
                0x0003daac                getenv_bootm_mapsize
                0x0003dadc                memmove_wd
                0x0003daec                genimg_print_size
                0x0003db1c                get_table_entry_name
                0x0003db48                genimg_get_os_name
                0x0003db60                genimg_get_arch_name
                0x0003db78                genimg_get_type_name
                0x0003db90                genimg_get_comp_name
                0x0003dba8                image_print_contents
                0x0003dd6c                get_table_entry_id
                0x0003ddb8                genimg_get_os_id
                0x0003ddd0                genimg_get_arch_id
                0x0003dde8                genimg_get_type_id
                0x0003de00                genimg_get_comp_id
                0x0003de18                genimg_get_format
                0x0003de50                genimg_get_image
                0x0003de54                genimg_has_config
                0x0003de5c                boot_get_ramdisk
                0x0003e098                boot_ramdisk_high
                0x0003e1b8                boot_fdt_add_mem_rsv_regions
                0x0003e244                boot_relocate_fdt
                0x0003e3e4                boot_get_fdt
                0x0003e804                __show_boot_progress
                0x0003e804                show_boot_progress
                0x0003e808                abortboot
                0x0003e8c8                readline_into_buffer
                0x0003f268                readline
                0x0003f284                parse_line
                0x0003f308                run_command
                0x0003f310                run_command_list
                0x0003f370                main_loop
                0x0003f3ec                do_run
                0x0003f464                get_ram_size
                0x0003f570                menu_display_statusline
                0x0003f570                __menu_display_statusline
                0x0003f574                menu_default_set
                0x0003f5f8                menu_get_choice
                0x0003f760                menu_item_add
                0x0003f840                menu_create
                0x0003f8c4                menu_destroy
                0x0003f9b0                srec_decode
                0x0003fc14                stdio_get_list
                0x0003fc20                stdio_get_by_name
                0x0003fc78                stdio_clone
                0x0003fcb4                stdio_register
                0x0003fcf4                stdio_init
                0x0003fdec                usb_stop
                0x0003fe60                usb_disable_asynch
                0x0003fe80                usb_submit_int_msg
                0x0003fe84                usb_control_msg
                0x00040110                usb_bulk_msg
                0x00040184                usb_maxpacket
                0x000401a0                usb_clear_halt
                0x00040244                usb_get_configuration_no
                0x000402e0                usb_set_interface
                0x00040398                usb_set_protocol
                0x000403e8                usb_set_idle
                0x0004043c                usb_get_report
                0x00040498                usb_get_class_descriptor
                0x000404f4                usb_string
                0x000405f8                usb_get_dev_index
                0x00040624                usb_alloc_new_device
                0x000406b0                usb_free_device
                0x00040708                usb_new_device
                0x00040c84                usb_init
                0x00040f78                usb_hub_reset
                0x00040f8c                hub_port_reset
                0x0004103c                usb_hub_port_connect_change
                0x00041438                usb_hub_probe
                0x00041e6c                usb_stor_write
                0x00042050                usb_stor_read
                0x00042234                usb_stor_get_dev
                0x00042258                usb_stor_info
                0x000422c8                usb_storage_probe
                0x000424e4                usb_stor_get_info
                0x00042830                usb_stor_scan
                0x00042ce8                xyzModem_stream_open
                0x00042f38                xyzModem_stream_read
                0x0004318c                xyzModem_stream_close
                0x000431e0                xyzModem_stream_terminate
                0x0004327c                xyzModem_error
 .text          0x0004329c     0x22e0 disk/libdisk.o
                0x00043360                get_dev
                0x000433d0                dev_print
                0x00043648                init_part
                0x00043694                print_part
                0x0004371c                get_partition_info
                0x00043764                get_device
                0x000437e8                get_device_and_partition
                0x00044070                test_part_dos
                0x000440e4                print_part_dos
                0x00044118                get_partition_info_dos
                0x00044138                get_partition_info_iso_verb
                0x000445a0                get_partition_info_iso
                0x000445a8                print_part_iso
                0x00044644                test_part_iso
                0x00044a48                print_part_efi
                0x00044bd4                get_partition_info_efi
                0x00044d5c                test_part_efi
                0x00044e34                write_gpt_table
                0x0004505c                gpt_fill_pte
                0x000451c4                gpt_fill_header
                0x0004547c                gpt_restore
 .text          0x0004557c     0x13f8 drivers/block/libblock.o
                0x00045c14                ahci_link_up
                0x00045f18                scsi_exec
                0x00046120                scsi_low_level_init
                0x00046574                ahci_init
                0x000466e8                scsi_bus_reset
                0x000466ec                scsi_print_error
                0x000466f0                ata_id_n_sectors
                0x0004677c                ata_dev_classify
                0x000467c8                ata_id_c_string
                0x00046844                ata_dump_id
                0x00046970                ata_swap_buf_le16
 .text          0x00046974      0x5c8 drivers/input/libinput.o
                0x00046a64                input_tstc
                0x00046aac                input_getc
                0x00046b10                input_send_keycodes
                0x00046e04                input_add_table
                0x00046e40                input_set_delays
                0x00046e4c                input_init
                0x00046ee8                input_stdio_register
 .text          0x00046f3c     0x2c94 drivers/mmc/libmmc.o
                0x00046fe4                board_mmc_getwp
                0x00046fec                mmc_getwp
                0x00047020                __board_mmc_getcd
                0x00047020                board_mmc_getcd
                0x00047028                mmc_send_cmd
                0x0004729c                mmc_send_status
                0x000473bc                mmc_set_blocklen
                0x000473f0                find_mmc_device
                0x00047604                mmc_send_op_cond
                0x0004767c                mmc_complete_op_cond
                0x00047708                mmc_switch_part
                0x00047758                mmc_getcd
                0x0004778c                mmc_set_clock
                0x000482c8                mmc_register
                0x0004835c                mmc_start_init
                0x0004856c                mmc_init
                0x000485f8                mmc_get_dev
                0x00048624                mmc_set_dsr
                0x00048630                cpu_mmc_init
                0x00048638                print_mmc_devices
                0x0004869c                get_mmc_num
                0x000486ac                mmc_set_preinit
                0x000486b4                mmc_initialize
                0x00048730                mv_sdh_init
                0x00048824                sdhci_set_ios
                0x00048ab4                sdhci_init
                0x00048dd0                sdhci_send_command
                0x00049604                add_sdhci
                0x000497e0                mmc_berase
                0x000499ec                mmc_bwrite
 .text          0x00049bd0     0x32b0 drivers/mtd/libmtd.o
                0x00049bd0                add_mtd_device
                0x00049c40                del_mtd_device
                0x00049c90                get_mtd_device
                0x00049d0c                get_mtd_device_nm
                0x00049d7c                put_mtd_device
                0x0004a3b4                mtd_erase_callback
                0x0004a428                del_mtd_partitions
                0x0004a4b4                add_mtd_partitions
                0x0004ae44                cfi_flash_bank_addr
                0x0004ae4c                cfi_flash_bank_size
                0x0004ae54                flash_sector_size
                0x0004ae94                flash_write_cmd
                0x0004b478                flash_erase
                0x0004b63c                flash_print_info
                0x0004b8dc                write_buff
                0x0004bfe0                flash_real_protect
                0x0004c35c                flash_read_user_serial
                0x0004c3c8                flash_read_factory_serial
                0x0004c430                flash_cmd_reset
                0x0004c468                flash_get_size
                0x0004cd74                flash_protect_default
                0x0004cd78                flash_init
 .text          0x0004ce80      0xa58 drivers/mtd/spi/libspi_flash.o
                0x0004cef8                spi_flash_cmd_read
                0x0004cf18                spi_flash_cmd
                0x0004cf48                spi_flash_cmd_write
                0x0004cf68                spi_flash_read_common
                0x0004cfb8                spi_flash_cmd_read_fast
                0x0004d024                spi_flash_cmd_poll_bit
                0x0004d0ec                spi_flash_cmd_wait_ready
                0x0004d0f8                spi_flash_cmd_write_multi
                0x0004d2a4                spi_flash_cmd_erase
                0x0004d428                spi_flash_cmd_write_status
                0x0004d494                spi_flash_probe
                0x0004d5b0                spi_flash_free
                0x0004d5cc                spi_flash_probe_macronix
                0x0004d690                spi_flash_probe_stmicro
                0x0004d824                spi_flash_probe_winbond
 .text          0x0004d8d8     0x7b50 drivers/mtd/ubi/libubi.o
                0x0004d8d8                ubi_get_device
                0x0004d8f8                ubi_put_device
                0x0004d908                ubi_get_by_major
                0x0004d954                ubi_major2num
                0x0004d998                ubi_attach_mtd_dev
                0x0004e110                ubi_detach_mtd_dev
                0x0004e208                ubi_init
                0x0004e36c                ubi_exit
                0x0004e3b4                ubi_mtd_param_parse
                0x0004eaa4                ubi_change_vtbl_record
                0x0004eb5c                ubi_read_volume_table
                0x0004f318                ubi_create_volume
                0x0004f74c                ubi_remove_volume
                0x0004f880                ubi_resize_volume
                0x0004fafc                ubi_add_volume
                0x0004fb5c                ubi_free_volume
                0x0004fd30                ubi_start_update
                0x0004feb4                ubi_start_leb_change
                0x0004ff3c                ubi_more_update_data
                0x000501a0                ubi_more_leb_change_data
                0x000502c4                ubi_get_device_info
                0x00050320                ubi_get_volume_info
                0x00050394                ubi_close_volume
[...]
 .debug_aranges
                0x00000220      0x940 board/mv_ebu/common/libmv_ebu.o
 .debug_aranges
                0x00000b60      0x7a0 common/libcommon.o
 .debug_aranges
                0x00001300       0x80 disk/libdisk.o
 .debug_aranges
                0x00001380       0x40 drivers/block/libblock.o
 .debug_aranges
                0x000013c0       0x20 drivers/input/libinput.o
 .debug_aranges
                0x000013e0       0x80 drivers/mmc/libmmc.o
 .debug_aranges
                0x00001460       0x60 drivers/mtd/libmtd.o
 .debug_aranges
                0x000014c0       0x80 drivers/mtd/spi/libspi_flash.o
 .debug_aranges
                0x00001540      0x160 drivers/mtd/ubi/libubi.o
 .debug_aranges
                0x000016a0       0x40 drivers/net/libnet.o
 .debug_aranges
                0x000016e0       0x60 drivers/pci/libpci.o
 .debug_aranges
                0x00001740       0x20 drivers/rtc/librtc.o
 .debug_aranges
                0x00001760       0x20 drivers/serial/libserial.o
 .debug_aranges
                0x00001780       0x40 drivers/usb/eth/libusb_eth.o
 .debug_aranges
                0x000017c0       0x80 drivers/usb/host/libusb_host.o
 .debug_aranges
                0x00001840       0xa0 fs/ext4/libext4fs.o
 .debug_aranges
                0x000018e0       0x40 fs/fat/libfat.o
 .debug_aranges
                0x00001920       0xa0 fs/jffs2/libjffs2.o
 .debug_aranges
                0x000019c0       0x20 fs/libfs.o
 .debug_aranges
                0x000019e0      0x220 fs/ubifs/libubifs.o
 .debug_aranges
                0x00001c00       0xe0 lib/libfdt/libfdt.o
 .debug_aranges
                0x00001ce0      0x240 lib/libgeneric.o
 .debug_aranges
                0x00001f20       0x20 lib/lzo/liblzo.o
 .debug_aranges
                0x00001f40       0x20 lib/zlib/libz.o
 .debug_aranges
                0x00001f60      0x100 net/libnet.o
 .debug_aranges
                0x00002060       0x80 board/mv_ebu/a38x/liba38x.o
 .debug_aranges
                0x000020e0       0x20 drivers/net/sk98lin/libsk98lin.o(uboot_drv.o)
 .debug_aranges
                0x00002100       0x20 drivers/net/sk98lin/libsk98lin.o(uboot_skb.o)
 .debug_aranges
                0x00002120       0x20 drivers/net/sk98lin/libsk98lin.o(sky2.o)
 .debug_aranges
                0x00002140       0x20 drivers/net/sk98lin/libsk98lin.o(skge.o)
 .debug_aranges
                0x00002160       0x20 drivers/net/sk98lin/libsk98lin.o(sky2le.o)
 .debug_aranges
                0x00002180       0x20 drivers/net/sk98lin/libsk98lin.o(skdim.o)
 .debug_aranges
                0x000021a0       0x20 drivers/net/sk98lin/libsk98lin.o(skaddr.o)
 .debug_aranges
                0x000021c0       0x20 drivers/net/sk98lin/libsk98lin.o(skgeinit.o)
 .debug_aranges
                0x000021e0       0x20 drivers/net/sk98lin/libsk98lin.o(skgesirq.o)
 .debug_aranges
                0x00002200       0x20 drivers/net/sk98lin/libsk98lin.o(sktwsi.o)
 .debug_aranges
                0x00002220       0x20 drivers/net/sk98lin/libsk98lin.o(sklm80.o)
 .debug_aranges
                0x00002240       0x20 drivers/net/sk98lin/libsk98lin.o(skqueue.o)
 .debug_aranges
                0x00002260       0x20 drivers/net/sk98lin/libsk98lin.o(skrlmt.o)
 .debug_aranges
                0x00002280       0x20 drivers/net/sk98lin/libsk98lin.o(sktimer.o)
 .debug_aranges
                0x000022a0       0x20 drivers/net/sk98lin/libsk98lin.o(skxmac2.o)
 .debug_aranges
                0x000022c0       0x20 drivers/net/sk98lin/libsk98lin.o(skgehwt.o)
 .debug_aranges
                0x000022e0       0x20 /home/kfyao/Marvell/A385_uboot_T3/u-boot-2013.01/arch/arm/lib/eabi_compat.o

.debug_frame    0x00000000    0x1266c
 .debug_frame   0x00000000      0x480 api/libapi.o
 .debug_frame   0x00000480      0x178 arch/arm/cpu/armv7/libarmv7.o
 .debug_frame   0x000005f8       0xec arch/arm/cpu/armv7/mvca9/libmvca9.o
 .debug_frame   0x000006e4      0x4ac arch/arm/lib/libarm.o
 .debug_frame   0x00000b90     0x52d4 board/mv_ebu/common/libmv_ebu.o
 .debug_frame   0x00005e64     0x3a50 common/libcommon.o
 .debug_frame   0x000098b4      0x3f0 disk/libdisk.o
 .debug_frame   0x00009ca4      0x210 drivers/block/libblock.o
 .debug_frame   0x00009eb4       0xf8 drivers/input/libinput.o
 .debug_frame   0x00009fac      0x460 drivers/mmc/libmmc.o
 .debug_frame   0x0000a40c      0x5e4 drivers/mtd/libmtd.o
 .debug_frame   0x0000a9f0      0x23c drivers/mtd/spi/libspi_flash.o
 .debug_frame   0x0000ac2c      0xbe8 drivers/mtd/ubi/libubi.o
 .debug_frame   0x0000b814      0x4c0 drivers/net/libnet.o
 .debug_frame   0x0000bcd4      0x590 drivers/pci/libpci.o
 .debug_frame   0x0000c264       0x74 drivers/rtc/librtc.o
 .debug_frame   0x0000c2d8      0x17c drivers/serial/libserial.o
 .debug_frame   0x0000c454      0x20c drivers/usb/eth/libusb_eth.o
 .debug_frame   0x0000c660      0x580 drivers/usb/host/libusb_host.o
 .debug_frame   0x0000cbe0      0x69c fs/ext4/libext4fs.o
 .debug_frame   0x0000d27c      0x2a8 fs/fat/libfat.o
 .debug_frame   0x0000d524      0x33c fs/jffs2/libjffs2.o
 .debug_frame   0x0000d860       0xec fs/libfs.o
 .debug_frame   0x0000d94c     0x11cc fs/ubifs/libubifs.o
 .debug_frame   0x0000eb18      0x894 lib/libfdt/libfdt.o
 .debug_frame   0x0000f3ac      0xb44 lib/libgeneric.o
 .debug_frame   0x0000fef0       0x60 lib/lzo/liblzo.o
 .debug_frame   0x0000ff50      0x11c lib/zlib/libz.o
 .debug_frame   0x0001006c      0xaa8 net/libnet.o
 .debug_frame   0x00010b14      0x3a4 board/mv_ebu/a38x/liba38x.o
 .debug_frame   0x00010eb8       0xb4 drivers/net/sk98lin/libsk98lin.o(uboot_drv.o)
 .debug_frame   0x00010f6c       0x6c drivers/net/sk98lin/libsk98lin.o(uboot_skb.o)
 .debug_frame   0x00010fd8      0x1a4 drivers/net/sk98lin/libsk98lin.o(sky2.o)
 .debug_frame   0x0001117c      0x350 drivers/net/sk98lin/libsk98lin.o(skge.o)
 .debug_frame   0x000114cc       0x68 drivers/net/sk98lin/libsk98lin.o(sky2le.o)
 .debug_frame   0x00011534       0x9c drivers/net/sk98lin/libsk98lin.o(skdim.o)
 .debug_frame   0x000115d0      0x184 drivers/net/sk98lin/libsk98lin.o(skaddr.o)
 .debug_frame   0x00011754      0x260 drivers/net/sk98lin/libsk98lin.o(skgeinit.o)
 .debug_frame   0x000119b4      0x188 drivers/net/sk98lin/libsk98lin.o(skgesirq.o)
 .debug_frame   0x00011b3c      0x11c drivers/net/sk98lin/libsk98lin.o(sktwsi.o)
 .debug_frame   0x00011c58       0x2c drivers/net/sk98lin/libsk98lin.o(sklm80.o)
 .debug_frame   0x00011c84       0x64 drivers/net/sk98lin/libsk98lin.o(skqueue.o)
 .debug_frame   0x00011ce8      0x484 drivers/net/sk98lin/libsk98lin.o(skrlmt.o)
 .debug_frame   0x0001216c       0xa8 drivers/net/sk98lin/libsk98lin.o(sktimer.o)
 .debug_frame   0x00012214      0x294 drivers/net/sk98lin/libsk98lin.o(skxmac2.o)
 .debug_frame   0x000124a8       0x7c drivers/net/sk98lin/libsk98lin.o(skgehwt.o)
 .debug_frame   0x00012524       0x48 /home/kfyao/Marvell/A385_uboot_T3/u-boot-2013.01/arch/arm/lib/eabi_compat.o
 .debug_frame   0x0001256c       0x20 /opt/Marvell_toolchain_2014T2/le/armv7-marvell-linux-gnueabi-softfp_i686_64K_Dev_20131002/bin/../lib/gcc/arm-marvell-linux-gnueabi/4.6.4/libgcc.a(_udivsi3.o)
 .debug_frame   0x0001258c       0x20 /opt/Marvell_toolchain_2014T2/le/armv7-marvell-linux-gnueabi-softfp_i686_64K_Dev_20131002/bin/../lib/gcc/arm-marvell-linux-gnueabi/4.6.4/libgcc.a(_divsi3.o)
 .debug_frame   0x000125ac       0x50 /opt/Marvell_toolchain_2014T2/le/armv7-marvell-linux-gnueabi-softfp_i686_64K_Dev_20131002/bin/../lib/gcc/arm-marvell-linux-gnueabi/4.6.4/libgcc.a(bpabi.o)
 .debug_frame   0x000125fc       0x38 /opt/Marvell_toolchain_2014T2/le/armv7-marvell-linux-gnueabi-softfp_i686_64K_Dev_20131002/bin/../lib/gcc/arm-marvell-linux-gnueabi/4.6.4/libgcc.a(_divdi3.o)
 .debug_frame   0x00012634       0x38 /opt/Marvell_toolchain_2014T2/le/armv7-marvell-linux-gnueabi-softfp_i686_64K_Dev_20131002/bin/../lib/gcc/arm-marvell-linux-gnueabi/4.6.4/libgcc.a(_udivdi3.o)

.debug_str      0x00000000    0x26eae
 .debug_str     0x00000000      0x843 api/libapi.o
                               0x144b (size before relaxing)
 .debug_str     0x00000843      0x1d8 arch/arm/cpu/armv7/libarmv7.o
                                0x808 (size before relaxing)
 .debug_str     0x00000a1b      0x163 arch/arm/cpu/armv7/mvca9/libmvca9.o
                                0x364 (size before relaxing)
 .debug_str     0x00000b7e     0x1555 arch/arm/lib/libarm.o
                               0x3273 (size before relaxing)
 .debug_str     0x000020d3     0xd639 board/mv_ebu/common/libmv_ebu.o
                              0x22543 (size before relaxing)
 .debug_str     0x0000f70c     0x6999 common/libcommon.o
                              0x1ad26 (size before relaxing)
 .debug_str     0x000160a5      0x904 disk/libdisk.o
                               0x18c7 (size before relaxing)
 .debug_str     0x000169a9     0x13e0 drivers/block/libblock.o
                               0x28c0 (size before relaxing)
 .debug_str     0x00017d89      0x32f drivers/input/libinput.o
                                0x5a1 (size before relaxing)
 .debug_str     0x000180b8      0x54b drivers/mmc/libmmc.o
                               0x193a (size before relaxing)
 .debug_str     0x00018603      0x893 drivers/mtd/libmtd.o
                               0x187c (size before relaxing)
 .debug_str     0x00018e96      0x349 drivers/mtd/spi/libspi_flash.o
                                0xd7f (size before relaxing)
 .debug_str     0x000191df      0xe37 drivers/mtd/ubi/libubi.o
                               0x82c2 (size before relaxing)
 .debug_str     0x0001a016     0x1338 drivers/net/libnet.o
                               0x1a1f (size before relaxing)
 .debug_str     0x0001b34e      0x568 drivers/pci/libpci.o
                               0x1104 (size before relaxing)
 .debug_str     0x0001b8b6       0x5d drivers/pcmcia/libpcmcia.o
                                0x423 (size before relaxing)
 .debug_str     0x0001b913       0x83 drivers/rtc/librtc.o
                                0x2a6 (size before relaxing)
 .debug_str     0x0001b996      0x106 drivers/serial/libserial.o
                                0x4c5 (size before relaxing)
 .debug_str     0x0001ba9c      0x322 drivers/usb/eth/libusb_eth.o
                                0xfe0 (size before relaxing)
 .debug_str     0x0001bdbe      0xed7 drivers/usb/host/libusb_host.o
                               0x3e6e (size before relaxing)
 .debug_str     0x0001cc95     0x1398 fs/ext4/libext4fs.o
                               0x2eff (size before relaxing)
 .debug_str     0x0001e02d      0x50b fs/fat/libfat.o
                                0xb6d (size before relaxing)
 .debug_str     0x0001e538      0x839 fs/jffs2/libjffs2.o
                               0x125b (size before relaxing)
 .debug_str     0x0001ed71       0xfb fs/libfs.o
                                0x5a8 (size before relaxing)
 .debug_str     0x0001ee6c     0x1944 fs/ubifs/libubifs.o
                              0x1aed6 (size before relaxing)
 .debug_str     0x000207b0      0x850 lib/libfdt/libfdt.o
                               0x1552 (size before relaxing)
 .debug_str     0x00021000      0x797 lib/libgeneric.o
                               0x2a75 (size before relaxing)
 .debug_str     0x00021797      0x174 lib/lzo/liblzo.o
                                0x400 (size before relaxing)
 .debug_str     0x0002190b      0x2a9 lib/zlib/libz.o
                                0x69a (size before relaxing)
 .debug_str     0x00021bb4     0x1283 net/libnet.o
                               0x50fb (size before relaxing)
 .debug_str     0x00022e37      0x3eb board/mv_ebu/a38x/liba38x.o
                               0x246a (size before relaxing)
 .debug_str     0x00023222     0x21bc drivers/net/sk98lin/libsk98lin.o(uboot_drv.o)
                               0x268b (size before relaxing)
 .debug_str     0x000253de       0x56 drivers/net/sk98lin/libsk98lin.o(uboot_skb.o)
                                0x280 (size before relaxing)
 .debug_str     0x00025434      0x3c7 drivers/net/sk98lin/libsk98lin.o(sky2.o)
                               0x2a4f (size before relaxing)
 .debug_str     0x000257fb      0x505 drivers/net/sk98lin/libsk98lin.o(skge.o)
                               0x2d16 (size before relaxing)
 .debug_str     0x00025d00       0xcd drivers/net/sk98lin/libsk98lin.o(sky2le.o)
                               0x2619 (size before relaxing)
 .debug_str     0x00025dcd      0x138 drivers/net/sk98lin/libsk98lin.o(skdim.o)
                               0x2687 (size before relaxing)
 .debug_str     0x00025f05      0x161 drivers/net/sk98lin/libsk98lin.o(skaddr.o)
                               0x2702 (size before relaxing)
 .debug_str     0x00026066      0x384 drivers/net/sk98lin/libsk98lin.o(skgeinit.o)
                               0x295e (size before relaxing)
 .debug_str     0x000263ea      0x131 drivers/net/sk98lin/libsk98lin.o(skgesirq.o)
                               0x26be (size before relaxing)
 .debug_str     0x0002651b      0x138 drivers/net/sk98lin/libsk98lin.o(sktwsi.o)
                               0x26b2 (size before relaxing)
 .debug_str     0x00026653       0x1a drivers/net/sk98lin/libsk98lin.o(sklm80.o)
                               0x257c (size before relaxing)
 .debug_str     0x0002666d       0x35 drivers/net/sk98lin/libsk98lin.o(skqueue.o)
                               0x2592 (size before relaxing)
 .debug_str     0x000266a2      0x474 drivers/net/sk98lin/libsk98lin.o(skrlmt.o)
                               0x2a6b (size before relaxing)
 .debug_str     0x00026b16       0x66 drivers/net/sk98lin/libsk98lin.o(sktimer.o)
                               0x25d5 (size before relaxing)
 .debug_str     0x00026b7c      0x29e drivers/net/sk98lin/libsk98lin.o(skxmac2.o)
                               0x28a2 (size before relaxing)
 .debug_str     0x00026e1a       0x4b drivers/net/sk98lin/libsk98lin.o(skgehwt.o)
                               0x25af (size before relaxing)
 .debug_str     0x00026e65       0x49 /home/kfyao/Marvell/A385_uboot_T3/u-boot-2013.01/arch/arm/lib/eabi_compat.o
                                0x24a (size before relaxing)

.debug_loc      0x00000000    0x99131
 .debug_loc     0x00000000     0x118a api/libapi.o
 .debug_loc     0x0000118a      0x15d arch/arm/cpu/armv7/libarmv7.o
 .debug_loc     0x000012e7      0x24c arch/arm/cpu/armv7/mvca9/libmvca9.o
 .debug_loc     0x00001533      0xc53 arch/arm/lib/libarm.o
 .debug_loc     0x00002186    0x20d91 board/mv_ebu/common/libmv_ebu.o
 .debug_loc     0x00022f17    0x1de1f common/libcommon.o
 .debug_loc     0x00040d36     0x18fe disk/libdisk.o
 .debug_loc     0x00042634     0x1798 drivers/block/libblock.o
 .debug_loc     0x00043dcc      0x797 drivers/input/libinput.o
 .debug_loc     0x00044563     0x2d09 drivers/mmc/libmmc.o
 .debug_loc     0x0004726c     0x3ce0 drivers/mtd/libmtd.o
 .debug_loc     0x0004af4c      0xe00 drivers/mtd/spi/libspi_flash.o
 .debug_loc     0x0004bd4c     0x8dcb drivers/mtd/ubi/libubi.o
 .debug_loc     0x00054b17     0x4fd6 drivers/net/libnet.o
 .debug_loc     0x00059aed     0x2372 drivers/pci/libpci.o
 .debug_loc     0x0005be5f      0x224 drivers/rtc/librtc.o
 .debug_loc     0x0005c083      0x3fc drivers/serial/libserial.o
 .debug_loc     0x0005c47f      0xc92 drivers/usb/eth/libusb_eth.o
 .debug_loc     0x0005d111     0x41ff drivers/usb/host/libusb_host.o
 .debug_loc     0x00061310     0x60f6 fs/ext4/libext4fs.o
 .debug_loc     0x00067406     0x1ca2 fs/fat/libfat.o
 .debug_loc     0x000690a8     0x3048 fs/jffs2/libjffs2.o
 .debug_loc     0x0006c0f0      0x580 fs/libfs.o
 .debug_loc     0x0006c670     0xde29 fs/ubifs/libubifs.o
 .debug_loc     0x0007a499     0x3906 lib/libfdt/libfdt.o
 .debug_loc     0x0007dd9f     0x4e9f lib/libgeneric.o
 .debug_loc     0x00082c3e      0xd38 lib/lzo/liblzo.o
 .debug_loc     0x00083976     0x22ed lib/zlib/libz.o
 .debug_loc     0x00085c63     0x3e0a net/libnet.o
 .debug_loc     0x00089a6d     0x1914 board/mv_ebu/a38x/liba38x.o
 .debug_loc     0x0008b381      0x332 drivers/net/sk98lin/libsk98lin.o(uboot_drv.o)
 .debug_loc     0x0008b6b3       0xfd drivers/net/sk98lin/libsk98lin.o(uboot_skb.o)
 .debug_loc     0x0008b7b0     0x1642 drivers/net/sk98lin/libsk98lin.o(sky2.o)
 .debug_loc     0x0008cdf2     0x2299 drivers/net/sk98lin/libsk98lin.o(skge.o)
 .debug_loc     0x0008f08b      0x401 drivers/net/sk98lin/libsk98lin.o(sky2le.o)
 .debug_loc     0x0008f48c      0x414 drivers/net/sk98lin/libsk98lin.o(skdim.o)
 .debug_loc     0x0008f8a0      0xf74 drivers/net/sk98lin/libsk98lin.o(skaddr.o)
 .debug_loc     0x00090814     0x246e drivers/net/sk98lin/libsk98lin.o(skgeinit.o)
 .debug_loc     0x00092c82     0x12a2 drivers/net/sk98lin/libsk98lin.o(skgesirq.o)
 .debug_loc     0x00093f24      0x971 drivers/net/sk98lin/libsk98lin.o(sktwsi.o)
 .debug_loc     0x00094895      0x156 drivers/net/sk98lin/libsk98lin.o(sklm80.o)
 .debug_loc     0x000949eb      0x1df drivers/net/sk98lin/libsk98lin.o(skqueue.o)
 .debug_loc     0x00094bca     0x253b drivers/net/sk98lin/libsk98lin.o(skrlmt.o)
 .debug_loc     0x00097105      0x3c0 drivers/net/sk98lin/libsk98lin.o(sktimer.o)
 .debug_loc     0x000974c5     0x1a08 drivers/net/sk98lin/libsk98lin.o(skxmac2.o)
 .debug_loc     0x00098ecd      0x226 drivers/net/sk98lin/libsk98lin.o(skgehwt.o)
 .debug_loc     0x000990f3       0x3e /home/kfyao/Marvell/A385_uboot_T3/u-boot-2013.01/arch/arm/lib/eabi_compat.o

.debug_ranges   0x00000000     0xe0e0
 .debug_ranges  0x00000000       0x48 api/libapi.o
 .debug_ranges  0x00000048       0xc0 arch/arm/lib/libarm.o
 .debug_ranges  0x00000108     0x2488 board/mv_ebu/common/libmv_ebu.o
 .debug_ranges  0x00002590     0x2020 common/libcommon.o
 .debug_ranges  0x000045b0      0x2d0 disk/libdisk.o
 .debug_ranges  0x00004880      0x200 drivers/block/libblock.o
 .debug_ranges  0x00004a80      0x118 drivers/input/libinput.o
 .debug_ranges  0x00004b98      0x508 drivers/mmc/libmmc.o
 .debug_ranges  0x000050a0      0x8e8 drivers/mtd/libmtd.o
 .debug_ranges  0x00005988      0x1b0 drivers/mtd/spi/libspi_flash.o
 .debug_ranges  0x00005b38     0x1068 drivers/mtd/ubi/libubi.o
 .debug_ranges  0x00006ba0      0xc78 drivers/net/libnet.o
 .debug_ranges  0x00007818       0xb8 drivers/pci/libpci.o
 .debug_ranges  0x000078d0       0x30 drivers/serial/libserial.o
 .debug_ranges  0x00007900      0x288 drivers/usb/eth/libusb_eth.o
 .debug_ranges  0x00007b88      0x498 drivers/usb/host/libusb_host.o
 .debug_ranges  0x00008020      0x9f8 fs/ext4/libext4fs.o
 .debug_ranges  0x00008a18      0x168 fs/fat/libfat.o
 .debug_ranges  0x00008b80      0xa30 fs/jffs2/libjffs2.o
 .debug_ranges  0x000095b0       0x30 fs/libfs.o
 .debug_ranges  0x000095e0     0x2188 fs/ubifs/libubifs.o
 .debug_ranges  0x0000b768      0x6e8 lib/libfdt/libfdt.o
 .debug_ranges  0x0000be50      0x478 lib/libgeneric.o
 .debug_ranges  0x0000c2c8      0x2a0 lib/lzo/liblzo.o
 .debug_ranges  0x0000c568       0x50 lib/zlib/libz.o
 .debug_ranges  0x0000c5b8      0x800 net/libnet.o
 .debug_ranges  0x0000cdb8       0x78 board/mv_ebu/a38x/liba38x.o
 .debug_ranges  0x0000ce30      0x2e0 drivers/net/sk98lin/libsk98lin.o(sky2.o)
 .debug_ranges  0x0000d110      0x480 drivers/net/sk98lin/libsk98lin.o(skge.o)
 .debug_ranges  0x0000d590       0x60 drivers/net/sk98lin/libsk98lin.o(sky2le.o)
 .debug_ranges  0x0000d5f0       0xe0 drivers/net/sk98lin/libsk98lin.o(skaddr.o)
 .debug_ranges  0x0000d6d0      0x400 drivers/net/sk98lin/libsk98lin.o(skgeinit.o)
 .debug_ranges  0x0000dad0      0x1d8 drivers/net/sk98lin/libsk98lin.o(skgesirq.o)
 .debug_ranges  0x0000dca8       0xf0 drivers/net/sk98lin/libsk98lin.o(sktwsi.o)
 .debug_ranges  0x0000dd98       0x20 drivers/net/sk98lin/libsk98lin.o(sklm80.o)
 .debug_ranges  0x0000ddb8      0x138 drivers/net/sk98lin/libsk98lin.o(skrlmt.o)
 .debug_ranges  0x0000def0      0x1c0 drivers/net/sk98lin/libsk98lin.o(skxmac2.o)
 .debug_ranges  0x0000e0b0       0x30 drivers/net/sk98lin/libsk98lin.o(skgehwt.o)
